[
  "1991",
  "1992",
  "1993",
  "1994",
  "1995",
  "1996",
  "1997",
  "1998",
  "1999",
  "2000",
  "2001",
  "2002",
  "2003",
  "2004",
  "2005",
  "2006",
  "2007",
  "Account verified successfully",
  "Account unlocked, please try again",
  "Password reset",
  "Password reset successfully. Sign in to continue.",
  "Unknown account. <a href=\"/signup\">Sign up</a>",
  "Signed out successfully",
  "Account already exists. <a href=\"/signin\">Sign in</a>",
  "Courtesy of <a href=\"https://www.gravatar.com\">Gravatar</a>",
  "Password changed successfully",
  "Subscribed successfully",
  "Unsubscribed successfully",
  "Account deleted successfully",
  "Display name updated",
  "Account locked. <a href=\"/confirm_account_unlock\">Send unlock email</a>",
  "Unexpected error",
  "Invalid token",
  "Invalid timestamp in request signature",
  "Invalid nonce in request signature",
  "Account already exists",
  "Unknown account",
  "Incorrect email case",
  "Incorrect password",
  "Unverified account",
  "Invalid verification code",
  "Invalid JSON in request body",
  "Invalid parameter in request body: %(param)s",
  "Missing parameter in request body: %(param)s",
  "Invalid request signature",
  "Missing content-length header",
  "Request body too large",
  "Attempt limit exceeded",
  "Your account has been locked for security reasons",
  "Server busy, try again soon",
  "This endpoint is no longer supported",
  "System unavailable, try again soon",
  "no message",
  "Session expired. Sign in to continue.",
  "Cookies are still disabled",
  "Passwords do not match",
  "Workingâ€¦",
  "Could not get Privacy Notice",
  "Could not get Terms of Service",
  "Your new password must be different",
  "Must be at least 8 characters",
  "Valid password required",
  "Valid email required",
  "Year of birth required",
  "A usable image was not found",
  "Could not initialize camera",
  "Valid URL required",
  "Valid birthday required",
  "Your verification email was just returned. Mistyped email?",
  "Enter a valid email address. firefox.com does not offer email.",
  "Firefox Accounts can only be placed into an IFRAME on approved sites",
  "/force_auth requires an email",
  "The link you clicked to verify your email is expired.",
  "Verification link damaged",
  "The image dimensions must be at least 100x100px",
  "Signup is coming soon to Firefox for iOS",
  "Signup has been disabled",
  "Age is required",
  "No Gravatar found",
  "Did you mean <span tabindex=\"1\">%(domain)s</span>?",
  "Unknown client",
  "Incorrect redirect_uri",
  "Invalid assertion",
  "Unknown code",
  "Incorrect code",
  "Expired code",
  "Invalid OAuth parameter: %(param)s",
  "Unauthorized",
  "Forbidden",
  "Something went wrong. Please close this tab and try again.",
  "Missing OAuth parameter: %(param)s",
  "Unsupported image provider",
  "Image processing error",
  "Firefox Sync",
  "By proceeding, you agree to the <a id=\"service-tos\" href=\"%(termsUri)s\">Terms of Service</a> and<a id=\"service-pp\" href=\"%(privacyUri)s\">Privacy Notice</a> of %(serviceName)s (%(serviceUri)s).",
  "Edit profile",
  "Name",
  "Bookmarks",
  "History",
  "Tabs",
  "Passwords",
  "Desktop Add-ons",
  "Desktop Preferences",
  "How old are you?",
  "Cannot create account",
  "You must meet certain age requirements to create a Firefox&nbsp;Account.",
  "Learn more.",
  "Unlock link expired",
  "Unlock link damaged",
  "The link you clicked was missing characters, and may have been broken by your email client. Copy the address carefully, and try again.",
  "Unlock error",
  "Reset password link expired",
  "Email resent",
  "The link you clicked to reset your password is expired.",
  "Click here to receive a new reset link",
  "Reset password link damaged",
  "Reset password",
  "New password",
  "Show",
  "Repeat password",
  "Next",
  "Verification link expired",
  "Click here to receive a new verification link",
  "Verification error",
  "Confirm your account",
  "Email Sent",
  "A verification link has been sent&nbsp;to %(email)s",
  "Resend email",
  "Unlock email sent",
  "For security reasons your account was put on lockdown. To perform account-level activities, please re-verify your account by clicking the verification link sent to %(email)s",
  "Back",
  "Reset email sent",
  "A reset link has been sent to %(email)s",
  "Sign in",
  "Cookies required",
  "Please enable cookies in your browser which are required by Firefox Accounts. Cookies are small pieces of data stored in your browser that provide functionality such as remembering you between sessions.",
  "Learn more",
  "Try again",
  "Sign in to continue",
  "Password",
  "Forgot password?",
  "By proceeding, you agree to the <a id=\"fxa-tos\" href=\"/legal/terms\">Terms of Service</a> and <a id=\"fxa-pp\" href=\"/legal/privacy\">Privacy Notice</a> of Firefox cloud services.",
  "Firefox cloud services",
  "Legal",
  "Terms of Service",
  "Privacy Notice",
  "Stay in sync on the go:",
  "Get Firefox for Android",
  "Get the full Sync experience.",
  "Firefox is coming soon to iOS!",
  "Sign up to learn more",
  "Download Firefox for Android.",
  "Download Firefox for mobile devices.",
  "Request for permission",
  "%(serviceName)s wants the following information from your account:",
  "Email",
  "Accept",
  "Cancel",
  "Account verified",
  "Account unlocked",
  "Success",
  "You are now ready to use %(serviceName)s",
  "Proceed",
  "Your account is ready!",
  "Are you sure you want to reset your account password?",
  "Resetting your password will erase your browsing data from our servers. Any data on your devices will remain untouched. Begin the reset process by entering your email below.",
  "Begin reset",
  "Manage account",
  "Sign out",
  "Hello, <span>%(username)s</span>",
  "Continue to %(serviceName)s",
  "Migrate your sync data by signing in to your Firefox&nbsp;Account.",
  "Use a different account",
  "Create an account",
  "Create a Firefox Account",
  "Migrate your sync data by creating a new Firefox&nbsp;Account.",
  "Get the latest news about Mozilla and Firefox.",
  "Sign up",
  "Choose what to sync",
  "Have an account? Sign in.",
  "Home",
  "Account picture",
  "Change",
  "Add",
  "Take picture",
  "Upload",
  "Camera",
  "Gravatar",
  "Clear",
  "Done",
  "Position and rotate your picture as needed",
  "Save",
  "Once you're finished, use your new password to sign in on all of your devices.",
  "Old password",
  "Communication preferences",
  "Email preferences",
  "Unsubscribe",
  "Subscribe",
  "Delete account",
  "Delete",
  "Are you sure you want to delete your account? This action cannot be undone.",
  "Display name",
  "Choose the name you would like to appear in Firefox and when managing your account.",
  "Year of birth",
  "1990 or earlier",
  "Month",
  "January",
  "February",
  "March",
  "April",
  "May",
  "June",
  "July",
  "August",
  "September",
  "October",
  "November",
  "December",
  "Day",
  "prefix <br>suffix"
]